[www.resistecomomujer.com/index.html]
[www.resistecomomujer.com/POST.0.delayed]
[backblue.gif]
[fade.gif]
[index.html]
[apis.google.com/js/clientc932.js]
[www.resistecomomujer.com/_/ss/index.html]
[www.resistecomomujer.com/inicio.html]
[www.resistecomomujer.com/cortometraje.html]
[www.resistecomomujer.com/historias/intro.html]
[www.resistecomomujer.com/historias/lia-y-vera.html]
[www.resistecomomujer.com/historias/alexa-y-sofia.html]
[www.resistecomomujer.com/historias/ángela.html]
[www.resistecomomujer.com/historias/amelia.html]
[www.resistecomomujer.com/historias/ana.html]
[www.resistecomomujer.com/historias/final.html]
[www.resistecomomujer.com/laboratorio-de-creación/proceso-creativo.html]
[www.resistecomomujer.com/laboratorio-de-creación/convocatoria.html]
[www.resistecomomujer.com/laboratorio-de-creación/videos-de-convocatoria.html]
[www.resistecomomujer.com/laboratorio-de-creación/estreno.html]
[www.resistecomomujer.com/index.html]
[www.resistecomomujer.com/POST.html]
[www.resistecomomujer.com/_/ss/index.html]
[www.resistecomomujer.com/inicio.html]
[www.resistecomomujer.com/cortometraje.html]
[www.resistecomomujer.com/historias-rcm.html]
[www.resistecomomujer.com/historias/POST.10.delayed]
[www.resistecomomujer.com/historias/intro.html]
[www.resistecomomujer.com/historias/lia-y-vera.html]
[www.resistecomomujer.com/historias/alexa-y-sofia.html]
[www.resistecomomujer.com/historias/ángela.html]
[www.resistecomomujer.com/historias/amelia.html]
[www.resistecomomujer.com/historias/ana.html]
[www.resistecomomujer.com/historias/final.html]
[www.resistecomomujer.com/laboratorio-de-creación/proceso-creativo.html]
[www.resistecomomujer.com/historias/_/ss/index.html]
[www.resistecomomujer.com/laboratorio-de-creación/POST.11.delayed]
[ssl.gstatic.com/atari/images/sociallinks/instagram_white_44dp.12.delayed]
[www.resistecomomujer.com/laboratorio-de-creación/_/ss/index.html]
[ssl.gstatic.com/atari/images/sociallinks/tiktok_colored_light_44dp.png]
[ssl.gstatic.com/atari/images/sociallinks/youtube_white_44dp.png]
[ssl.gstatic.com/atari/images/sociallinks/facebook_white_44dp.png]
[www.resistecomomujer.com/laboratorio-de-creación/convocatoria.html]
[www.resistecomomujer.com/laboratorio-de-creación/videos-de-convocatoria.html]
[www.resistecomomujer.com/laboratorio-de-creación/estreno.html]
[www.resistecomomujer.com/historias-rcm.html]
[www.resistecomomujer.com/historias/POST.html]
[www.resistecomomujer.com/historias/_/ss/index.html]
[www.resistecomomujer.com/laboratorio-de-creación/POST.html]
[www.resistecomomujer.com/laboratorio-de-creación/_/ss/index.html]
